// Jest Snapshot v1, https://goo.gl/fbAQLP

exports[`render Contact Form correctly 1`] = `
<View
  style={
    Object {
      "alignItems": "center",
      "borderColor": "green",
      "borderWidth": 1,
      "height": 100,
      "justifyContent": "center",
      "margin": 0,
      "marginTop": -1,
      "padding": 15,
      "paddingBottom": 30,
      "paddingTop": 30,
      "width": "100%",
    }
  }
>
  <Image
    source={
      Object {
        "uri": "http://movie.com/photo/fligh.png",
      }
    }
    style={
      Object {
        "height": 50,
        "width": 50,
      }
    }
  />
  <Text
    accessible={true}
    allowFontScaling={true}
    ellipsizeMode="tail"
    style={
      Object {
        "color": "blue",
        "fontWeight": "bold",
      }
    }
  >
    Flight of Fury
  </Text>
  <Text
    accessible={true}
    allowFontScaling={true}
    ellipsizeMode="tail"
  >
    Horror
  </Text>
</View>
`;
